WARNING: [BD 41-702] Propagation TCL tries to overwrite USER strength parameter PCW_M_AXI_GP0_FREQMHZ(10) on '/processing_system7_0' with propagated value(100). Command ignored
CRITICAL WARNING: [BD 41-967] AXI interface pin /top_0/axis is not associated to any clock pin. It may not work correctly.
WARNING: [IP_Flow 19-4994] Overwriting existing constraint file 'c:/Users/Ali/Documents/Imperial/FYP/project/svo_raytracer.gen/sources_1/bd/svo_system/ip/svo_system_axi_mem_intercon_imp_auto_pc_0/svo_system_axi_mem_intercon_imp_auto_pc_0_ooc.xdc'

[Synth 8-7071] port 'M00_AXI_awprot' of module 'svo_system_axi_smc_0' is unconnected for instance 'axi_smc' ["c:/Users/Ali/Documents/Imperial/FYP/project/svo_raytracer.gen/sources_1/bd/svo_system/synth/svo_system.v":395]

[Synth 8-7071] port 'M00_AXI_arprot' of module 'svo_system_axi_smc_0' is unconnected for instance 'axi_smc' ["c:/Users/Ali/Documents/Imperial/FYP/project/svo_raytracer.gen/sources_1/bd/svo_system/synth/svo_system.v":395]

[Synth 8-7071] port 'M01_AXI_awprot' of module 'svo_system_axi_smc_0' is unconnected for instance 'axi_smc' ["c:/Users/Ali/Documents/Imperial/FYP/project/svo_raytracer.gen/sources_1/bd/svo_system/synth/svo_system.v":395]

[Synth 8-7071] port 'M01_AXI_wstrb' of module 'svo_system_axi_smc_0' is unconnected for instance 'axi_smc' ["c:/Users/Ali/Documents/Imperial/FYP/project/svo_raytracer.gen/sources_1/bd/svo_system/synth/svo_system.v":395]

[Synth 8-7071] port 'M01_AXI_arprot' of module 'svo_system_axi_smc_0' is unconnected for instance 'axi_smc' ["c:/Users/Ali/Documents/Imperial/FYP/project/svo_raytracer.gen/sources_1/bd/svo_system/synth/svo_system.v":395]

[Synth 8-7071] port 's2mm_frame_ptr_out' of module 'svo_system_axi_vdma_0_1' is unconnected for instance 'axi_vdma_0' ["c:/Users/Ali/Documents/Imperial/FYP/project/svo_raytracer.gen/sources_1/bd/svo_system/synth/svo_system.v":469]

[Synth 8-7071] port 'USB0_PORT_INDCTL' of module 'svo_system_processing_system7_0_0' is unconnected for instance 'processing_system7_0' ["c:/Users/Ali/Documents/Imperial/FYP/project/svo_raytracer.gen/sources_1/bd/svo_system/synth/svo_system.v":514]

[Synth 8-7071] port 'USB0_VBUS_PWRSELECT' of module 'svo_system_processing_system7_0_0' is unconnected for instance 'processing_system7_0' ["c:/Users/Ali/Documents/Imperial/FYP/project/svo_raytracer.gen/sources_1/bd/svo_system/synth/svo_system.v":514]

[Synth 8-7071] port 'S_AXI_HP0_ARREADY' of module 'svo_system_processing_system7_0_0' is unconnected for instance 'processing_system7_0' ["c:/Users/Ali/Documents/Imperial/FYP/project/svo_raytracer.gen/sources_1/bd/svo_system/synth/svo_system.v":514]

[Synth 8-7071] port 'S_AXI_HP0_RLAST' of module 'svo_system_processing_system7_0_0' is unconnected for instance 'processing_system7_0' ["c:/Users/Ali/Documents/Imperial/FYP/project/svo_raytracer.gen/sources_1/bd/svo_system/synth/svo_system.v":514]

[Synth 8-7071] port 'S_AXI_HP0_RVALID' of module 'svo_system_processing_system7_0_0' is unconnected for instance 'processing_system7_0' ["c:/Users/Ali/Documents/Imperial/FYP/project/svo_raytracer.gen/sources_1/bd/svo_system/synth/svo_system.v":514]

[Synth 8-7071] port 'S_AXI_HP0_RRESP' of module 'svo_system_processing_system7_0_0' is unconnected for instance 'processing_system7_0' ["c:/Users/Ali/Documents/Imperial/FYP/project/svo_raytracer.gen/sources_1/bd/svo_system/synth/svo_system.v":514]

[Synth 8-7071] port 'S_AXI_HP0_BID' of module 'svo_system_processing_system7_0_0' is unconnected for instance 'processing_system7_0' ["c:/Users/Ali/Documents/Imperial/FYP/project/svo_raytracer.gen/sources_1/bd/svo_system/synth/svo_system.v":514]

[Synth 8-7071] port 'S_AXI_HP0_RID' of module 'svo_system_processing_system7_0_0' is unconnected for instance 'processing_system7_0' ["c:/Users/Ali/Documents/Imperial/FYP/project/svo_raytracer.gen/sources_1/bd/svo_system/synth/svo_system.v":514]

[Synth 8-7071] port 'S_AXI_HP0_RDATA' of module 'svo_system_processing_system7_0_0' is unconnected for instance 'processing_system7_0' ["c:/Users/Ali/Documents/Imperial/FYP/project/svo_raytracer.gen/sources_1/bd/svo_system/synth/svo_system.v":514]

[Synth 8-7071] port 'S_AXI_HP0_RCOUNT' of module 'svo_system_processing_system7_0_0' is unconnected for instance 'processing_system7_0' ["c:/Users/Ali/Documents/Imperial/FYP/project/svo_raytracer.gen/sources_1/bd/svo_system/synth/svo_system.v":514]

[Synth 8-7071] port 'S_AXI_HP0_WCOUNT' of module 'svo_system_processing_system7_0_0' is unconnected for instance 'processing_system7_0' ["c:/Users/Ali/Documents/Imperial/FYP/project/svo_raytracer.gen/sources_1/bd/svo_system/synth/svo_system.v":514]

[Synth 8-7071] port 'S_AXI_HP0_RACOUNT' of module 'svo_system_processing_system7_0_0' is unconnected for instance 'processing_system7_0' ["c:/Users/Ali/Documents/Imperial/FYP/project/svo_raytracer.gen/sources_1/bd/svo_system/synth/svo_system.v":514]

[Synth 8-7071] port 'S_AXI_HP0_WACOUNT' of module 'svo_system_processing_system7_0_0' is unconnected for instance 'processing_system7_0' ["c:/Users/Ali/Documents/Imperial/FYP/project/svo_raytracer.gen/sources_1/bd/svo_system/synth/svo_system.v":514]

[Synth 8-7071] port 'mb_reset' of module 'svo_system_rst_ps7_0_100M_0' is unconnected for instance 'rst_ps7_0_100M' ["c:/Users/Ali/Documents/Imperial/FYP/project/svo_raytracer.gen/sources_1/bd/svo_system/synth/svo_system.v":613]

[Synth 8-7071] port 'bus_struct_reset' of module 'svo_system_rst_ps7_0_100M_0' is unconnected for instance 'rst_ps7_0_100M' ["c:/Users/Ali/Documents/Imperial/FYP/project/svo_raytracer.gen/sources_1/bd/svo_system/synth/svo_system.v":613]

[Synth 8-7071] port 'peripheral_reset' of module 'svo_system_rst_ps7_0_100M_0' is unconnected for instance 'rst_ps7_0_100M' ["c:/Users/Ali/Documents/Imperial/FYP/project/svo_raytracer.gen/sources_1/bd/svo_system/synth/svo_system.v":613]

[Synth 8-7071] port 'interconnect_aresetn' of module 'svo_system_rst_ps7_0_100M_0' is unconnected for instance 'rst_ps7_0_100M' ["c:/Users/Ali/Documents/Imperial/FYP/project/svo_raytracer.gen/sources_1/bd/svo_system/synth/svo_system.v":613]

[Synth 8-7071] port 'axis_tkeep' of module 'svo_system_top_0_0' is unconnected for instance 'top_0' ["c:/Users/Ali/Documents/Imperial/FYP/project/svo_raytracer.gen/sources_1/bd/svo_system/synth/svo_system.v":620]
[Synth 8-7023] instance 'axi_smc' of module 'svo_system_axi_smc_0' has 78 connections declared, but only 73 given ["c:/Users/Ali/Documents/Imperial/FYP/project/svo_raytracer.gen/sources_1/bd/svo_system/synth/svo_system.v":395]

[Synth 8-7023] instance 'axi_vdma_0' of module 'svo_system_axi_vdma_0_1' has 45 connections declared, but only 44 given ["c:/Users/Ali/Documents/Imperial/FYP/project/svo_raytracer.gen/sources_1/bd/svo_system/synth/svo_system.v":469]

[Synth 8-7023] instance 'processing_system7_0' of module 'svo_system_processing_system7_0_0' has 111 connections declared, but only 98 given ["c:/Users/Ali/Documents/Imperial/FYP/project/svo_raytracer.gen/sources_1/bd/svo_system/synth/svo_system.v":514]

[Synth 8-7023] instance 'rst_ps7_0_100M' of module 'svo_system_rst_ps7_0_100M_0' has 10 connections declared, but only 6 given ["c:/Users/Ali/Documents/Imperial/FYP/project/svo_raytracer.gen/sources_1/bd/svo_system/synth/svo_system.v":613]

[Synth 8-7023] instance 'top_0' of module 'svo_system_top_0_0' has 26 connections declared, but only 25 given ["c:/Users/Ali/Documents/Imperial/FYP/project/svo_raytracer.gen/sources_1/bd/svo_system/synth/svo_system.v":620]
[Synth 8-7129] Port In2[0] in module xlconcat_v2_1_7_xlconcat is either unconnected or has no load

[Synth 8-7129] Port In3[0] in module xlconcat_v2_1_7_xlconcat is either unconnected or has no load

[Synth 8-7129] Port In4[0] in module xlconcat_v2_1_7_xlconcat is either unconnected or has no load

[Synth 8-7129] Port In5[0] in module xlconcat_v2_1_7_xlconcat is either unconnected or has no load

[Synth 8-7129] Port In6[0] in module xlconcat_v2_1_7_xlconcat is either unconnected or has no load

[Synth 8-7129] Port In7[0] in module xlconcat_v2_1_7_xlconcat is either unconnected or has no load

[Synth 8-7129] Port In8[0] in module xlconcat_v2_1_7_xlconcat is either unconnected or has no load

[Synth 8-7129] Port In9[0] in module xlconcat_v2_1_7_xlconcat is either unconnected or has no load

[Synth 8-7129] Port In10[0] in module xlconcat_v2_1_7_xlconcat is either unconnected or has no load

[Synth 8-7129] Port In11[0] in module xlconcat_v2_1_7_xlconcat is either unconnected or has no load

[Synth 8-7129] Port In12[0] in module xlconcat_v2_1_7_xlconcat is either unconnected or has no load

[Synth 8-7129] Port In13[0] in module xlconcat_v2_1_7_xlconcat is either unconnected or has no load

[Synth 8-7129] Port In14[0] in module xlconcat_v2_1_7_xlconcat is either unconnected or has no load

[Synth 8-7129] Port In15[0] in module xlconcat_v2_1_7_xlconcat is either unconnected or has no load

[Synth 8-7129] Port In16[0] in module xlconcat_v2_1_7_xlconcat is either unconnected or has no load

[Synth 8-7129] Port In17[0] in module xlconcat_v2_1_7_xlconcat is either unconnected or has no load

[Synth 8-7129] Port In18[0] in module xlconcat_v2_1_7_xlconcat is either unconnected or has no load

[Synth 8-7129] Port In19[0] in module xlconcat_v2_1_7_xlconcat is either unconnected or has no load

[Synth 8-7129] Port In20[0] in module xlconcat_v2_1_7_xlconcat is either unconnected or has no load

[Synth 8-7129] Port In21[0] in module xlconcat_v2_1_7_xlconcat is either unconnected or has no load

[Synth 8-7129] Port In22[0] in module xlconcat_v2_1_7_xlconcat is either unconnected or has no load

[Synth 8-7129] Port In23[0] in module xlconcat_v2_1_7_xlconcat is either unconnected or has no load

[Synth 8-7129] Port In24[0] in module xlconcat_v2_1_7_xlconcat is either unconnected or has no load

[Synth 8-7129] Port In25[0] in module xlconcat_v2_1_7_xlconcat is either unconnected or has no load

[Synth 8-7129] Port In26[0] in module xlconcat_v2_1_7_xlconcat is either unconnected or has no load

[Synth 8-7129] Port In27[0] in module xlconcat_v2_1_7_xlconcat is either unconnected or has no load

[Synth 8-7129] Port In28[0] in module xlconcat_v2_1_7_xlconcat is either unconnected or has no load

[Synth 8-7129] Port In29[0] in module xlconcat_v2_1_7_xlconcat is either unconnected or has no load

[Synth 8-7129] Port In30[0] in module xlconcat_v2_1_7_xlconcat is either unconnected or has no load

[Synth 8-7129] Port In31[0] in module xlconcat_v2_1_7_xlconcat is either unconnected or has no load

[Synth 8-7129] Port In32[0] in module xlconcat_v2_1_7_xlconcat is either unconnected or has no load

[Synth 8-7129] Port In33[0] in module xlconcat_v2_1_7_xlconcat is either unconnected or has no load

[Synth 8-7129] Port In34[0] in module xlconcat_v2_1_7_xlconcat is either unconnected or has no load

[Synth 8-7129] Port In35[0] in module xlconcat_v2_1_7_xlconcat is either unconnected or has no load

[Synth 8-7129] Port In36[0] in module xlconcat_v2_1_7_xlconcat is either unconnected or has no load

[Synth 8-7129] Port In37[0] in module xlconcat_v2_1_7_xlconcat is either unconnected or has no load

[Synth 8-7129] Port In38[0] in module xlconcat_v2_1_7_xlconcat is either unconnected or has no load

[Synth 8-7129] Port In39[0] in module xlconcat_v2_1_7_xlconcat is either unconnected or has no load

[Synth 8-7129] Port In40[0] in module xlconcat_v2_1_7_xlconcat is either unconnected or has no load

[Synth 8-7129] Port In41[0] in module xlconcat_v2_1_7_xlconcat is either unconnected or has no load

[Synth 8-7129] Port In42[0] in module xlconcat_v2_1_7_xlconcat is either unconnected or has no load

[Synth 8-7129] Port In43[0] in module xlconcat_v2_1_7_xlconcat is either unconnected or has no load

[Synth 8-7129] Port In44[0] in module xlconcat_v2_1_7_xlconcat is either unconnected or has no load

[Synth 8-7129] Port In45[0] in module xlconcat_v2_1_7_xlconcat is either unconnected or has no load

[Synth 8-7129] Port In46[0] in module xlconcat_v2_1_7_xlconcat is either unconnected or has no load

[Synth 8-7129] Port In47[0] in module xlconcat_v2_1_7_xlconcat is either unconnected or has no load

[Synth 8-7129] Port In48[0] in module xlconcat_v2_1_7_xlconcat is either unconnected or has no load

[Synth 8-7129] Port In49[0] in module xlconcat_v2_1_7_xlconcat is either unconnected or has no load

[Synth 8-7129] Port In50[0] in module xlconcat_v2_1_7_xlconcat is either unconnected or has no load

[Synth 8-7129] Port In51[0] in module xlconcat_v2_1_7_xlconcat is either unconnected or has no load

[Synth 8-7129] Port In52[0] in module xlconcat_v2_1_7_xlconcat is either unconnected or has no load

[Synth 8-7129] Port In53[0] in module xlconcat_v2_1_7_xlconcat is either unconnected or has no load

[Synth 8-7129] Port In54[0] in module xlconcat_v2_1_7_xlconcat is either unconnected or has no load

[Synth 8-7129] Port In55[0] in module xlconcat_v2_1_7_xlconcat is either unconnected or has no load

[Synth 8-7129] Port In56[0] in module xlconcat_v2_1_7_xlconcat is either unconnected or has no load

[Synth 8-7129] Port In57[0] in module xlconcat_v2_1_7_xlconcat is either unconnected or has no load

[Synth 8-7129] Port In58[0] in module xlconcat_v2_1_7_xlconcat is either unconnected or has no load

[Synth 8-7129] Port In59[0] in module xlconcat_v2_1_7_xlconcat is either unconnected or has no load

[Synth 8-7129] Port In60[0] in module xlconcat_v2_1_7_xlconcat is either unconnected or has no load

[Synth 8-7129] Port In61[0] in module xlconcat_v2_1_7_xlconcat is either unconnected or has no load

[Synth 8-7129] Port In62[0] in module xlconcat_v2_1_7_xlconcat is either unconnected or has no load

[Synth 8-7129] Port In63[0] in module xlconcat_v2_1_7_xlconcat is either unconnected or has no load

[Synth 8-7129] Port In64[0] in module xlconcat_v2_1_7_xlconcat is either unconnected or has no load

[Synth 8-7129] Port In65[0] in module xlconcat_v2_1_7_xlconcat is either unconnected or has no load

[Synth 8-7129] Port In66[0] in module xlconcat_v2_1_7_xlconcat is either unconnected or has no load

[Synth 8-7129] Port In67[0] in module xlconcat_v2_1_7_xlconcat is either unconnected or has no load

[Synth 8-7129] Port In68[0] in module xlconcat_v2_1_7_xlconcat is either unconnected or has no load

[Synth 8-7129] Port In69[0] in module xlconcat_v2_1_7_xlconcat is either unconnected or has no load

[Synth 8-7129] Port In70[0] in module xlconcat_v2_1_7_xlconcat is either unconnected or has no load

[Synth 8-7129] Port In71[0] in module xlconcat_v2_1_7_xlconcat is either unconnected or has no load

[Synth 8-7129] Port In72[0] in module xlconcat_v2_1_7_xlconcat is either unconnected or has no load

[Synth 8-7129] Port In73[0] in module xlconcat_v2_1_7_xlconcat is either unconnected or has no load

[Synth 8-7129] Port In74[0] in module xlconcat_v2_1_7_xlconcat is either unconnected or has no load

[Synth 8-7129] Port In75[0] in module xlconcat_v2_1_7_xlconcat is either unconnected or has no load

[Synth 8-7129] Port In76[0] in module xlconcat_v2_1_7_xlconcat is either unconnected or has no load

[Synth 8-7129] Port In77[0] in module xlconcat_v2_1_7_xlconcat is either unconnected or has no load

[Synth 8-7129] Port In78[0] in module xlconcat_v2_1_7_xlconcat is either unconnected or has no load

[Synth 8-7129] Port In79[0] in module xlconcat_v2_1_7_xlconcat is either unconnected or has no load

[Synth 8-7129] Port In80[0] in module xlconcat_v2_1_7_xlconcat is either unconnected or has no load

[Synth 8-7129] Port In81[0] in module xlconcat_v2_1_7_xlconcat is either unconnected or has no load

[Synth 8-7129] Port In82[0] in module xlconcat_v2_1_7_xlconcat is either unconnected or has no load

[Synth 8-7129] Port In83[0] in module xlconcat_v2_1_7_xlconcat is either unconnected or has no load

[Synth 8-7129] Port In84[0] in module xlconcat_v2_1_7_xlconcat is either unconnected or has no load

[Synth 8-7129] Port In85[0] in module xlconcat_v2_1_7_xlconcat is either unconnected or has no load

[Synth 8-7129] Port In86[0] in module xlconcat_v2_1_7_xlconcat is either unconnected or has no load

[Synth 8-7129] Port In87[0] in module xlconcat_v2_1_7_xlconcat is either unconnected or has no load

[Synth 8-7129] Port In88[0] in module xlconcat_v2_1_7_xlconcat is either unconnected or has no load

[Synth 8-7129] Port In89[0] in module xlconcat_v2_1_7_xlconcat is either unconnected or has no load

[Synth 8-7129] Port In90[0] in module xlconcat_v2_1_7_xlconcat is either unconnected or has no load

[Synth 8-7129] Port In91[0] in module xlconcat_v2_1_7_xlconcat is either unconnected or has no load

[Synth 8-7129] Port In92[0] in module xlconcat_v2_1_7_xlconcat is either unconnected or has no load

[Synth 8-7129] Port In93[0] in module xlconcat_v2_1_7_xlconcat is either unconnected or has no load

[Synth 8-7129] Port In94[0] in module xlconcat_v2_1_7_xlconcat is either unconnected or has no load

[Synth 8-7129] Port In95[0] in module xlconcat_v2_1_7_xlconcat is either unconnected or has no load

[Synth 8-7129] Port In96[0] in module xlconcat_v2_1_7_xlconcat is either unconnected or has no load

[Synth 8-7129] Port In97[0] in module xlconcat_v2_1_7_xlconcat is either unconnected or has no load

[Synth 8-7129] Port In98[0] in module xlconcat_v2_1_7_xlconcat is either unconnected or has no load

[Synth 8-7129] Port In99[0] in module xlconcat_v2_1_7_xlconcat is either unconnected or has no load

[Synth 8-7129] Port In100[0] in module xlconcat_v2_1_7_xlconcat is either unconnected or has no load

[Synth 8-7129] Port In101[0] in module xlconcat_v2_1_7_xlconcat is either unconnected or has no load
[Constraints 18-401] set_multicycle_path: 'svo_system_i/top_0/inst/traversal/FSM_sequential_state[0]_i_1' is not a valid endpoint. ["C:/Users/Ali/Documents/Imperial/FYP/constraints/pynq_z1.xdc":20]

[Constraints 18-401] set_multicycle_path: 'svo_system_i/top_0/inst/traversal/FSM_sequential_state[0]_i_2' is not a valid endpoint. ["C:/Users/Ali/Documents/Imperial/FYP/constraints/pynq_z1.xdc":20]

[Constraints 18-401] set_multicycle_path: 'svo_system_i/top_0/inst/traversal/FSM_sequential_state[0]_i_3' is not a valid endpoint. ["C:/Users/Ali/Documents/Imperial/FYP/constraints/pynq_z1.xdc":20]

[Constraints 18-401] set_multicycle_path: 'svo_system_i/top_0/inst/traversal/FSM_sequential_state[0]_i_4' is not a valid endpoint. ["C:/Users/Ali/Documents/Imperial/FYP/constraints/pynq_z1.xdc":20]

[Constraints 18-401] set_multicycle_path: 'svo_system_i/top_0/inst/traversal/FSM_sequential_state[1]_i_1' is not a valid endpoint. ["C:/Users/Ali/Documents/Imperial/FYP/constraints/pynq_z1.xdc":20]

[Constraints 18-401] set_multicycle_path: 'svo_system_i/top_0/inst/traversal/FSM_sequential_state[1]_i_2' is not a valid endpoint. ["C:/Users/Ali/Documents/Imperial/FYP/constraints/pynq_z1.xdc":20]

[Constraints 18-401] set_multicycle_path: 'svo_system_i/top_0/inst/traversal/FSM_sequential_state[1]_i_3' is not a valid endpoint. ["C:/Users/Ali/Documents/Imperial/FYP/constraints/pynq_z1.xdc":20]

[Constraints 18-401] set_multicycle_path: 'svo_system_i/top_0/inst/traversal/FSM_sequential_state[1]_i_4' is not a valid endpoint. ["C:/Users/Ali/Documents/Imperial/FYP/constraints/pynq_z1.xdc":20]

[Constraints 18-401] set_multicycle_path: 'svo_system_i/top_0/inst/traversal/FSM_sequential_state[1]_i_5' is not a valid endpoint. ["C:/Users/Ali/Documents/Imperial/FYP/constraints/pynq_z1.xdc":20]

[Constraints 18-401] set_multicycle_path: 'svo_system_i/top_0/inst/traversal/FSM_sequential_state[1]_i_6' is not a valid endpoint. ["C:/Users/Ali/Documents/Imperial/FYP/constraints/pynq_z1.xdc":20]

[Constraints 18-401] set_multicycle_path: 'svo_system_i/top_0/inst/traversal/FSM_sequential_state[2]_i_1' is not a valid endpoint. ["C:/Users/Ali/Documents/Imperial/FYP/constraints/pynq_z1.xdc":20]

[Constraints 18-401] set_multicycle_path: 'svo_system_i/top_0/inst/traversal/FSM_sequential_state[2]_i_2' is not a valid endpoint. ["C:/Users/Ali/Documents/Imperial/FYP/constraints/pynq_z1.xdc":20]

[Constraints 18-401] set_multicycle_path: 'svo_system_i/top_0/inst/traversal/FSM_sequential_state[2]_i_3' is not a valid endpoint. ["C:/Users/Ali/Documents/Imperial/FYP/constraints/pynq_z1.xdc":20]

[Constraints 18-401] set_multicycle_path: 'svo_system_i/top_0/inst/traversal/FSM_sequential_state[2]_i_4' is not a valid endpoint. ["C:/Users/Ali/Documents/Imperial/FYP/constraints/pynq_z1.xdc":20]

[Constraints 18-401] set_multicycle_path: 'svo_system_i/top_0/inst/traversal/FSM_sequential_state[3]_i_1' is not a valid endpoint. ["C:/Users/Ali/Documents/Imperial/FYP/constraints/pynq_z1.xdc":20]

[Constraints 18-401] set_multicycle_path: 'svo_system_i/top_0/inst/traversal/FSM_sequential_state[3]_i_100' is not a valid endpoint. ["C:/Users/Ali/Documents/Imperial/FYP/constraints/pynq_z1.xdc":20]

[Constraints 18-401] set_multicycle_path: 'svo_system_i/top_0/inst/traversal/FSM_sequential_state[3]_i_101' is not a valid endpoint. ["C:/Users/Ali/Documents/Imperial/FYP/constraints/pynq_z1.xdc":20]

[Constraints 18-401] set_multicycle_path: 'svo_system_i/top_0/inst/traversal/FSM_sequential_state[3]_i_102' is not a valid endpoint. ["C:/Users/Ali/Documents/Imperial/FYP/constraints/pynq_z1.xdc":20]

[Constraints 18-401] set_multicycle_path: 'svo_system_i/top_0/inst/traversal/FSM_sequential_state[3]_i_103' is not a valid endpoint. ["C:/Users/Ali/Documents/Imperial/FYP/constraints/pynq_z1.xdc":20]

[Constraints 18-401] set_multicycle_path: 'svo_system_i/top_0/inst/traversal/FSM_sequential_state[3]_i_104' is not a valid endpoint. ["C:/Users/Ali/Documents/Imperial/FYP/constraints/pynq_z1.xdc":20]

[Constraints 18-401] set_multicycle_path: 'svo_system_i/top_0/inst/traversal/FSM_sequential_state[3]_i_105' is not a valid endpoint. ["C:/Users/Ali/Documents/Imperial/FYP/constraints/pynq_z1.xdc":20]

[Constraints 18-401] set_multicycle_path: 'svo_system_i/top_0/inst/traversal/FSM_sequential_state[3]_i_106' is not a valid endpoint. ["C:/Users/Ali/Documents/Imperial/FYP/constraints/pynq_z1.xdc":20]

[Constraints 18-401] set_multicycle_path: 'svo_system_i/top_0/inst/traversal/FSM_sequential_state[3]_i_107' is not a valid endpoint. ["C:/Users/Ali/Documents/Imperial/FYP/constraints/pynq_z1.xdc":20]

[Constraints 18-401] set_multicycle_path: 'svo_system_i/top_0/inst/traversal/FSM_sequential_state[3]_i_108' is not a valid endpoint. ["C:/Users/Ali/Documents/Imperial/FYP/constraints/pynq_z1.xdc":20]

[Constraints 18-401] set_multicycle_path: 'svo_system_i/top_0/inst/traversal/FSM_sequential_state[3]_i_109' is not a valid endpoint. ["C:/Users/Ali/Documents/Imperial/FYP/constraints/pynq_z1.xdc":20]

[Constraints 18-401] set_multicycle_path: 'svo_system_i/top_0/inst/traversal/FSM_sequential_state[3]_i_11' is not a valid endpoint. ["C:/Users/Ali/Documents/Imperial/FYP/constraints/pynq_z1.xdc":20]

[Constraints 18-401] set_multicycle_path: 'svo_system_i/top_0/inst/traversal/FSM_sequential_state[3]_i_110' is not a valid endpoint. ["C:/Users/Ali/Documents/Imperial/FYP/constraints/pynq_z1.xdc":20]

[Constraints 18-401] set_multicycle_path: 'svo_system_i/top_0/inst/traversal/FSM_sequential_state[3]_i_111' is not a valid endpoint. ["C:/Users/Ali/Documents/Imperial/FYP/constraints/pynq_z1.xdc":20]

[Constraints 18-401] set_multicycle_path: 'svo_system_i/top_0/inst/traversal/FSM_sequential_state[3]_i_112' is not a valid endpoint. ["C:/Users/Ali/Documents/Imperial/FYP/constraints/pynq_z1.xdc":20]

[Constraints 18-401] set_multicycle_path: 'svo_system_i/top_0/inst/traversal/FSM_sequential_state[3]_i_113' is not a valid endpoint. ["C:/Users/Ali/Documents/Imperial/FYP/constraints/pynq_z1.xdc":20]

[Constraints 18-401] set_multicycle_path: 'svo_system_i/top_0/inst/traversal/FSM_sequential_state[3]_i_114' is not a valid endpoint. ["C:/Users/Ali/Documents/Imperial/FYP/constraints/pynq_z1.xdc":20]

[Constraints 18-401] set_multicycle_path: 'svo_system_i/top_0/inst/traversal/FSM_sequential_state[3]_i_115' is not a valid endpoint. ["C:/Users/Ali/Documents/Imperial/FYP/constraints/pynq_z1.xdc":20]

[Constraints 18-401] set_multicycle_path: 'svo_system_i/top_0/inst/traversal/FSM_sequential_state[3]_i_116' is not a valid endpoint. ["C:/Users/Ali/Documents/Imperial/FYP/constraints/pynq_z1.xdc":20]

[Constraints 18-401] set_multicycle_path: 'svo_system_i/top_0/inst/traversal/FSM_sequential_state[3]_i_117' is not a valid endpoint. ["C:/Users/Ali/Documents/Imperial/FYP/constraints/pynq_z1.xdc":20]

[Constraints 18-401] set_multicycle_path: 'svo_system_i/top_0/inst/traversal/FSM_sequential_state[3]_i_118' is not a valid endpoint. ["C:/Users/Ali/Documents/Imperial/FYP/constraints/pynq_z1.xdc":20]

[Constraints 18-401] set_multicycle_path: 'svo_system_i/top_0/inst/traversal/FSM_sequential_state[3]_i_119' is not a valid endpoint. ["C:/Users/Ali/Documents/Imperial/FYP/constraints/pynq_z1.xdc":20]

[Constraints 18-401] set_multicycle_path: 'svo_system_i/top_0/inst/traversal/FSM_sequential_state[3]_i_12' is not a valid endpoint. ["C:/Users/Ali/Documents/Imperial/FYP/constraints/pynq_z1.xdc":20]

[Constraints 18-401] set_multicycle_path: 'svo_system_i/top_0/inst/traversal/FSM_sequential_state[3]_i_120' is not a valid endpoint. ["C:/Users/Ali/Documents/Imperial/FYP/constraints/pynq_z1.xdc":20]

[Constraints 18-401] set_multicycle_path: 'svo_system_i/top_0/inst/traversal/FSM_sequential_state[3]_i_121' is not a valid endpoint. ["C:/Users/Ali/Documents/Imperial/FYP/constraints/pynq_z1.xdc":20]

[Constraints 18-401] set_multicycle_path: 'svo_system_i/top_0/inst/traversal/FSM_sequential_state[3]_i_124' is not a valid endpoint. ["C:/Users/Ali/Documents/Imperial/FYP/constraints/pynq_z1.xdc":20]

[Constraints 18-401] set_multicycle_path: 'svo_system_i/top_0/inst/traversal/FSM_sequential_state[3]_i_125' is not a valid endpoint. ["C:/Users/Ali/Documents/Imperial/FYP/constraints/pynq_z1.xdc":20]

[Constraints 18-401] set_multicycle_path: 'svo_system_i/top_0/inst/traversal/FSM_sequential_state[3]_i_126' is not a valid endpoint. ["C:/Users/Ali/Documents/Imperial/FYP/constraints/pynq_z1.xdc":20]

[Constraints 18-401] set_multicycle_path: 'svo_system_i/top_0/inst/traversal/FSM_sequential_state[3]_i_127' is not a valid endpoint. ["C:/Users/Ali/Documents/Imperial/FYP/constraints/pynq_z1.xdc":20]

[Constraints 18-401] set_multicycle_path: 'svo_system_i/top_0/inst/traversal/FSM_sequential_state[3]_i_128' is not a valid endpoint. ["C:/Users/Ali/Documents/Imperial/FYP/constraints/pynq_z1.xdc":20]

[Constraints 18-401] set_multicycle_path: 'svo_system_i/top_0/inst/traversal/FSM_sequential_state[3]_i_129' is not a valid endpoint. ["C:/Users/Ali/Documents/Imperial/FYP/constraints/pynq_z1.xdc":20]

[Constraints 18-401] set_multicycle_path: 'svo_system_i/top_0/inst/traversal/FSM_sequential_state[3]_i_13' is not a valid endpoint. ["C:/Users/Ali/Documents/Imperial/FYP/constraints/pynq_z1.xdc":20]

[Constraints 18-401] set_multicycle_path: 'svo_system_i/top_0/inst/traversal/FSM_sequential_state[3]_i_130' is not a valid endpoint. ["C:/Users/Ali/Documents/Imperial/FYP/constraints/pynq_z1.xdc":20]

[Constraints 18-401] set_multicycle_path: 'svo_system_i/top_0/inst/traversal/FSM_sequential_state[3]_i_131' is not a valid endpoint. ["C:/Users/Ali/Documents/Imperial/FYP/constraints/pynq_z1.xdc":20]

[Constraints 18-401] set_multicycle_path: 'svo_system_i/top_0/inst/traversal/FSM_sequential_state[3]_i_133' is not a valid endpoint. ["C:/Users/Ali/Documents/Imperial/FYP/constraints/pynq_z1.xdc":20]

[Constraints 18-401] set_multicycle_path: 'svo_system_i/top_0/inst/traversal/FSM_sequential_state[3]_i_134' is not a valid endpoint. ["C:/Users/Ali/Documents/Imperial/FYP/constraints/pynq_z1.xdc":20]

[Constraints 18-401] set_multicycle_path: 'svo_system_i/top_0/inst/traversal/FSM_sequential_state[3]_i_135' is not a valid endpoint. ["C:/Users/Ali/Documents/Imperial/FYP/constraints/pynq_z1.xdc":20]

[Constraints 18-401] set_multicycle_path: 'svo_system_i/top_0/inst/traversal/FSM_sequential_state[3]_i_136' is not a valid endpoint. ["C:/Users/Ali/Documents/Imperial/FYP/constraints/pynq_z1.xdc":20]

[Constraints 18-401] set_multicycle_path: 'svo_system_i/top_0/inst/traversal/FSM_sequential_state[3]_i_137' is not a valid endpoint. ["C:/Users/Ali/Documents/Imperial/FYP/constraints/pynq_z1.xdc":20]

[Constraints 18-401] set_multicycle_path: 'svo_system_i/top_0/inst/traversal/FSM_sequential_state[3]_i_138' is not a valid endpoint. ["C:/Users/Ali/Documents/Imperial/FYP/constraints/pynq_z1.xdc":20]

[Constraints 18-401] set_multicycle_path: 'svo_system_i/top_0/inst/traversal/FSM_sequential_state[3]_i_139' is not a valid endpoint. ["C:/Users/Ali/Documents/Imperial/FYP/constraints/pynq_z1.xdc":20]

[Constraints 18-401] set_multicycle_path: 'svo_system_i/top_0/inst/traversal/FSM_sequential_state[3]_i_14' is not a valid endpoint. ["C:/Users/Ali/Documents/Imperial/FYP/constraints/pynq_z1.xdc":20]

[Constraints 18-401] set_multicycle_path: 'svo_system_i/top_0/inst/traversal/FSM_sequential_state[3]_i_140' is not a valid endpoint. ["C:/Users/Ali/Documents/Imperial/FYP/constraints/pynq_z1.xdc":20]

[Constraints 18-401] set_multicycle_path: 'svo_system_i/top_0/inst/traversal/FSM_sequential_state[3]_i_141' is not a valid endpoint. ["C:/Users/Ali/Documents/Imperial/FYP/constraints/pynq_z1.xdc":20]

[Constraints 18-401] set_multicycle_path: 'svo_system_i/top_0/inst/traversal/FSM_sequential_state[3]_i_142' is not a valid endpoint. ["C:/Users/Ali/Documents/Imperial/FYP/constraints/pynq_z1.xdc":20]

[Constraints 18-401] set_multicycle_path: 'svo_system_i/top_0/inst/traversal/FSM_sequential_state[3]_i_143' is not a valid endpoint. ["C:/Users/Ali/Documents/Imperial/FYP/constraints/pynq_z1.xdc":20]

[Constraints 18-401] set_multicycle_path: 'svo_system_i/top_0/inst/traversal/FSM_sequential_state[3]_i_144' is not a valid endpoint. ["C:/Users/Ali/Documents/Imperial/FYP/constraints/pynq_z1.xdc":20]

[Constraints 18-401] set_multicycle_path: 'svo_system_i/top_0/inst/traversal/FSM_sequential_state[3]_i_145' is not a valid endpoint. ["C:/Users/Ali/Documents/Imperial/FYP/constraints/pynq_z1.xdc":20]

[Constraints 18-401] set_multicycle_path: 'svo_system_i/top_0/inst/traversal/FSM_sequential_state[3]_i_146' is not a valid endpoint. ["C:/Users/Ali/Documents/Imperial/FYP/constraints/pynq_z1.xdc":20]

[Constraints 18-401] set_multicycle_path: 'svo_system_i/top_0/inst/traversal/FSM_sequential_state[3]_i_147' is not a valid endpoint. ["C:/Users/Ali/Documents/Imperial/FYP/constraints/pynq_z1.xdc":20]

[Constraints 18-401] set_multicycle_path: 'svo_system_i/top_0/inst/traversal/FSM_sequential_state[3]_i_148' is not a valid endpoint. ["C:/Users/Ali/Documents/Imperial/FYP/constraints/pynq_z1.xdc":20]

[Constraints 18-401] set_multicycle_path: 'svo_system_i/top_0/inst/traversal/FSM_sequential_state[3]_i_149' is not a valid endpoint. ["C:/Users/Ali/Documents/Imperial/FYP/constraints/pynq_z1.xdc":20]

[Constraints 18-401] set_multicycle_path: 'svo_system_i/top_0/inst/traversal/FSM_sequential_state[3]_i_15' is not a valid endpoint. ["C:/Users/Ali/Documents/Imperial/FYP/constraints/pynq_z1.xdc":20]

[Constraints 18-401] set_multicycle_path: 'svo_system_i/top_0/inst/traversal/FSM_sequential_state[3]_i_150' is not a valid endpoint. ["C:/Users/Ali/Documents/Imperial/FYP/constraints/pynq_z1.xdc":20]

[Constraints 18-401] set_multicycle_path: 'svo_system_i/top_0/inst/traversal/FSM_sequential_state[3]_i_151' is not a valid endpoint. ["C:/Users/Ali/Documents/Imperial/FYP/constraints/pynq_z1.xdc":20]

[Constraints 18-401] set_multicycle_path: 'svo_system_i/top_0/inst/traversal/FSM_sequential_state[3]_i_152' is not a valid endpoint. ["C:/Users/Ali/Documents/Imperial/FYP/constraints/pynq_z1.xdc":20]

[Constraints 18-401] set_multicycle_path: 'svo_system_i/top_0/inst/traversal/FSM_sequential_state[3]_i_153' is not a valid endpoint. ["C:/Users/Ali/Documents/Imperial/FYP/constraints/pynq_z1.xdc":20]

[Constraints 18-401] set_multicycle_path: 'svo_system_i/top_0/inst/traversal/FSM_sequential_state[3]_i_154' is not a valid endpoint. ["C:/Users/Ali/Documents/Imperial/FYP/constraints/pynq_z1.xdc":20]

[Constraints 18-401] set_multicycle_path: 'svo_system_i/top_0/inst/traversal/FSM_sequential_state[3]_i_155' is not a valid endpoint. ["C:/Users/Ali/Documents/Imperial/FYP/constraints/pynq_z1.xdc":20]

[Constraints 18-401] set_multicycle_path: 'svo_system_i/top_0/inst/traversal/FSM_sequential_state[3]_i_156' is not a valid endpoint. ["C:/Users/Ali/Documents/Imperial/FYP/constraints/pynq_z1.xdc":20]

[Constraints 18-401] set_multicycle_path: 'svo_system_i/top_0/inst/traversal/FSM_sequential_state[3]_i_157' is not a valid endpoint. ["C:/Users/Ali/Documents/Imperial/FYP/constraints/pynq_z1.xdc":20]

[Constraints 18-401] set_multicycle_path: 'svo_system_i/top_0/inst/traversal/FSM_sequential_state[3]_i_158' is not a valid endpoint. ["C:/Users/Ali/Documents/Imperial/FYP/constraints/pynq_z1.xdc":20]

[Constraints 18-401] set_multicycle_path: 'svo_system_i/top_0/inst/traversal/FSM_sequential_state[3]_i_159' is not a valid endpoint. ["C:/Users/Ali/Documents/Imperial/FYP/constraints/pynq_z1.xdc":20]

[Constraints 18-401] set_multicycle_path: 'svo_system_i/top_0/inst/traversal/FSM_sequential_state[3]_i_16' is not a valid endpoint. ["C:/Users/Ali/Documents/Imperial/FYP/constraints/pynq_z1.xdc":20]

[Constraints 18-401] set_multicycle_path: 'svo_system_i/top_0/inst/traversal/FSM_sequential_state[3]_i_160' is not a valid endpoint. ["C:/Users/Ali/Documents/Imperial/FYP/constraints/pynq_z1.xdc":20]

[Constraints 18-401] set_multicycle_path: 'svo_system_i/top_0/inst/traversal/FSM_sequential_state[3]_i_161' is not a valid endpoint. ["C:/Users/Ali/Documents/Imperial/FYP/constraints/pynq_z1.xdc":20]

[Constraints 18-401] set_multicycle_path: 'svo_system_i/top_0/inst/traversal/FSM_sequential_state[3]_i_162' is not a valid endpoint. ["C:/Users/Ali/Documents/Imperial/FYP/constraints/pynq_z1.xdc":20]

[Constraints 18-401] set_multicycle_path: 'svo_system_i/top_0/inst/traversal/FSM_sequential_state[3]_i_163' is not a valid endpoint. ["C:/Users/Ali/Documents/Imperial/FYP/constraints/pynq_z1.xdc":20]

[Constraints 18-401] set_multicycle_path: 'svo_system_i/top_0/inst/traversal/FSM_sequential_state[3]_i_164' is not a valid endpoint. ["C:/Users/Ali/Documents/Imperial/FYP/constraints/pynq_z1.xdc":20]

[Constraints 18-401] set_multicycle_path: 'svo_system_i/top_0/inst/traversal/FSM_sequential_state[3]_i_165' is not a valid endpoint. ["C:/Users/Ali/Documents/Imperial/FYP/constraints/pynq_z1.xdc":20]

[Constraints 18-401] set_multicycle_path: 'svo_system_i/top_0/inst/traversal/FSM_sequential_state[3]_i_166' is not a valid endpoint. ["C:/Users/Ali/Documents/Imperial/FYP/constraints/pynq_z1.xdc":20]

[Constraints 18-401] set_multicycle_path: 'svo_system_i/top_0/inst/traversal/FSM_sequential_state[3]_i_167' is not a valid endpoint. ["C:/Users/Ali/Documents/Imperial/FYP/constraints/pynq_z1.xdc":20]

[Constraints 18-401] set_multicycle_path: 'svo_system_i/top_0/inst/traversal/FSM_sequential_state[3]_i_168' is not a valid endpoint. ["C:/Users/Ali/Documents/Imperial/FYP/constraints/pynq_z1.xdc":20]

[Constraints 18-401] set_multicycle_path: 'svo_system_i/top_0/inst/traversal/FSM_sequential_state[3]_i_169' is not a valid endpoint. ["C:/Users/Ali/Documents/Imperial/FYP/constraints/pynq_z1.xdc":20]

[Constraints 18-401] set_multicycle_path: 'svo_system_i/top_0/inst/traversal/FSM_sequential_state[3]_i_17' is not a valid endpoint. ["C:/Users/Ali/Documents/Imperial/FYP/constraints/pynq_z1.xdc":20]

[Constraints 18-401] set_multicycle_path: 'svo_system_i/top_0/inst/traversal/FSM_sequential_state[3]_i_170' is not a valid endpoint. ["C:/Users/Ali/Documents/Imperial/FYP/constraints/pynq_z1.xdc":20]

[Constraints 18-401] set_multicycle_path: 'svo_system_i/top_0/inst/traversal/FSM_sequential_state[3]_i_171' is not a valid endpoint. ["C:/Users/Ali/Documents/Imperial/FYP/constraints/pynq_z1.xdc":20]

[Constraints 18-401] set_multicycle_path: 'svo_system_i/top_0/inst/traversal/FSM_sequential_state[3]_i_172' is not a valid endpoint. ["C:/Users/Ali/Documents/Imperial/FYP/constraints/pynq_z1.xdc":20]

[Constraints 18-401] set_multicycle_path: 'svo_system_i/top_0/inst/traversal/FSM_sequential_state[3]_i_174' is not a valid endpoint. ["C:/Users/Ali/Documents/Imperial/FYP/constraints/pynq_z1.xdc":20]

[Constraints 18-401] set_multicycle_path: 'svo_system_i/top_0/inst/traversal/FSM_sequential_state[3]_i_175' is not a valid endpoint. ["C:/Users/Ali/Documents/Imperial/FYP/constraints/pynq_z1.xdc":20]

[Constraints 18-401] set_multicycle_path: 'svo_system_i/top_0/inst/traversal/FSM_sequential_state[3]_i_176' is not a valid endpoint. ["C:/Users/Ali/Documents/Imperial/FYP/constraints/pynq_z1.xdc":20]

[Constraints 18-401] set_multicycle_path: 'svo_system_i/top_0/inst/traversal/FSM_sequential_state[3]_i_177' is not a valid endpoint. ["C:/Users/Ali/Documents/Imperial/FYP/constraints/pynq_z1.xdc":20]

[Constraints 18-401] set_multicycle_path: 'svo_system_i/top_0/inst/traversal/FSM_sequential_state[3]_i_178' is not a valid endpoint. ["C:/Users/Ali/Documents/Imperial/FYP/constraints/pynq_z1.xdc":20]

[Constraints 18-401] set_multicycle_path: 'svo_system_i/top_0/inst/traversal/FSM_sequential_state[3]_i_179' is not a valid endpoint. ["C:/Users/Ali/Documents/Imperial/FYP/constraints/pynq_z1.xdc":20]

[Constraints 18-401] set_multicycle_path: 'svo_system_i/top_0/inst/traversal/FSM_sequential_state[3]_i_18' is not a valid endpoint. ["C:/Users/Ali/Documents/Imperial/FYP/constraints/pynq_z1.xdc":20]

[Common 17-14] Message 'Constraints 18-401' appears 100 times and further instances of the messages will be disabled. Use the Tcl command set_msg_config to change the current settings. ["C:/Users/Ali/Documents/Imperial/FYP/constraints/pynq_z1.xdc":20]
[XPM_CDC_SINGLE: TCL-1000] The source and destination clocks are the same. 
     Instance: svo_system_i/axi_vdma_0/U0/I_RST_MODULE/GEN_RESET_FOR_S2MM.RESET_I/GEN_RESET_FOR_ASYNC.AXIS_RESET_CDC_I 
  This will add unnecessary latency to the design. Please check the design for the following: 
 1) Manually instantiated XPM_CDC modules: AMD recommends that you remove these modules. 
 2) AMD IP that contains XPM_CDC modules: Verify the connections to the IP to determine whether you can safely ignore this message.
 ["C:/AMDDesignTools/2025.2/Vivado/data/ip/xpm/xpm_cdc/tcl/xpm_cdc_single.tcl":5]

[XPM_CDC_SINGLE: TCL-1000] The source and destination clocks are the same. 
     Instance: svo_system_i/axi_vdma_0/U0/I_RST_MODULE/GEN_RESET_FOR_S2MM.RESET_I/GEN_MIN_FOR_ASYNC.LITE_IDLE_CDC_I 
  This will add unnecessary latency to the design. Please check the design for the following: 
 1) Manually instantiated XPM_CDC modules: AMD recommends that you remove these modules. 
 2) AMD IP that contains XPM_CDC modules: Verify the connections to the IP to determine whether you can safely ignore this message.
 ["C:/AMDDesignTools/2025.2/Vivado/data/ip/xpm/xpm_cdc/tcl/xpm_cdc_single.tcl":5]

[XPM_CDC_SINGLE: TCL-1000] The source and destination clocks are the same. 
     Instance: svo_system_i/axi_vdma_0/U0/I_RST_MODULE/GEN_RESET_FOR_S2MM.RESET_I/GEN_MIN_FOR_ASYNC.LITE_MIN_CDC_I 
  This will add unnecessary latency to the design. Please check the design for the following: 
 1) Manually instantiated XPM_CDC modules: AMD recommends that you remove these modules. 
 2) AMD IP that contains XPM_CDC modules: Verify the connections to the IP to determine whether you can safely ignore this message.
 ["C:/AMDDesignTools/2025.2/Vivado/data/ip/xpm/xpm_cdc/tcl/xpm_cdc_single.tcl":5]

[XPM_CDC_SINGLE: TCL-1000] The source and destination clocks are the same. 
     Instance: svo_system_i/axi_vdma_0/U0/I_RST_MODULE/GEN_RESET_FOR_S2MM.RESET_I/GEN_MIN_FOR_ASYNC.AXIS_IDLE_CDC_I 
  This will add unnecessary latency to the design. Please check the design for the following: 
 1) Manually instantiated XPM_CDC modules: AMD recommends that you remove these modules. 
 2) AMD IP that contains XPM_CDC modules: Verify the connections to the IP to determine whether you can safely ignore this message.
 ["C:/AMDDesignTools/2025.2/Vivado/data/ip/xpm/xpm_cdc/tcl/xpm_cdc_single.tcl":5]

[XPM_CDC_SINGLE: TCL-1000] The source and destination clocks are the same. 
     Instance: svo_system_i/axi_vdma_0/U0/I_RST_MODULE/GEN_RESET_FOR_S2MM.RESET_I/GEN_MIN_FOR_ASYNC.AXIS_MIN_CDC_I 
  This will add unnecessary latency to the design. Please check the design for the following: 
 1) Manually instantiated XPM_CDC modules: AMD recommends that you remove these modules. 
 2) AMD IP that contains XPM_CDC modules: Verify the connections to the IP to determine whether you can safely ignore this message.
 ["C:/AMDDesignTools/2025.2/Vivado/data/ip/xpm/xpm_cdc/tcl/xpm_cdc_single.tcl":5]

[XPM_CDC_SINGLE: TCL-1000] The source and destination clocks are the same. 
     Instance: svo_system_i/axi_vdma_0/U0/I_RST_MODULE/GEN_RESET_FOR_S2MM.RESET_I/GEN_RESET_FOR_ASYNC.HARD_RESET_CDC_I 
  This will add unnecessary latency to the design. Please check the design for the following: 
 1) Manually instantiated XPM_CDC modules: AMD recommends that you remove these modules. 
 2) AMD IP that contains XPM_CDC modules: Verify the connections to the IP to determine whether you can safely ignore this message.
 ["C:/AMDDesignTools/2025.2/Vivado/data/ip/xpm/xpm_cdc/tcl/xpm_cdc_single.tcl":5]

[XPM_CDC_SINGLE: TCL-1000] The source and destination clocks are the same. 
     Instance: svo_system_i/axi_vdma_0/U0/AXI_LITE_REG_INTERFACE_I/GEN_S2MM_LITE_CROSSINGS.GEN_S2MM_CROSSINGS_ASYNC.S2MM_INTRPT_CROSSING_I 
  This will add unnecessary latency to the design. Please check the design for the following: 
 1) Manually instantiated XPM_CDC modules: AMD recommends that you remove these modules. 
 2) AMD IP that contains XPM_CDC modules: Verify the connections to the IP to determine whether you can safely ignore this message.
 ["C:/AMDDesignTools/2025.2/Vivado/data/ip/xpm/xpm_cdc/tcl/xpm_cdc_single.tcl":5]
[Power 33-332] Found switching activity that implies high-fanout reset nets being asserted for excessive periods of time which may result in inaccurate power analysis.
Resolution: To review and fix problems, please run Power Constraints Advisor in the GUI from Tools > Power Constraints Advisor or run report_power with the -advisory option to generate a text report.
